<html>
<body>
<pre>
<h1>µVision Build Log</h1>
<h2>Tool Versions:</h2>
IDE-Version: ¶ÃVision V5.32.0.0
Copyright (C) 2020 ARM Ltd and ARM Germany GmbH. All rights reserved.
License Information: 111 111, 111, LIC=LSNXV-P1L7M-TGV7T-RJ8IS-W6ZJV-PSQ1R
 
Tool Versions:
Toolchain:       MDK-ARM Plus  Version: 5.32.0.0
Toolchain Path:  D:\APPlication\KeilMDK5.32\KeilMDK 5.32\ARM\ARMCC\Bin
C Compiler:      Armcc.exe V5.06 update 7 (build 960)
Assembler:       Armasm.exe V5.06 update 7 (build 960)
Linker/Locator:  ArmLink.exe V5.06 update 7 (build 960)
Library Manager: ArmAr.exe V5.06 update 7 (build 960)
Hex Converter:   FromElf.exe V5.06 update 7 (build 960)
CPU DLL:         SARMCM3.DLL V5.32.0.0
Dialog DLL:      DCM.DLL V1.17.3.0
Target DLL:      STLink\ST-LINKIII-KEIL_SWO.dll V3.0.8.0
Dialog DLL:      TCM.DLL V1.46.0.0
 
<h2>Project:</h2>
C:\Users\¡ı–¿»Ω\Desktop\clock\USER\IPC15LTK.uvprojx
Project File Date:  01/21/2024

<h2>Output:</h2>
*** Using Compiler 'V5.06 update 7 (build 960)', folder: 'D:\APPlication\KeilMDK5.32\KeilMDK 5.32\ARM\ARMCC\Bin'
Rebuild target 'PWM'
compiling IIC3.c...
compiling main.c...
main.c(14): warning:  #223-D: function "TIM3_Init" declared implicitly
  	TIM3_Init(8400,10000);
main.c(13): warning:  #177-D: variable "t"  was declared but never referenced
  	u32 t=0;
main.c: 2 warnings, 0 errors
compiling system_stm32f4xx.c...
compiling timer.c...
compiling OLED.c...
compiling stm32f4xx_it.c...
compiling IIC1.c...
compiling IIC2.c...
compiling lw_oopc.c...
assembling startup_stm32f40_41xxx.s...
compiling stm32f4xx_usart.c...
compiling stm32f4xx_gpio.c...
compiling sys.c...
compiling misc.c...
compiling stm32f4xx_syscfg.c...
compiling delay.c...
compiling usart.c...
compiling stm32f4xx_tim.c...
compiling stm32f4xx_i2c.c...
compiling stm32f4xx_spi.c...
compiling stm32f4xx_rcc.c...
linking...
Program Size: Code=10650 RO-data=1946 RW-data=64 ZI-data=1024  
FromELF: creating hex file...
"..\OBJ\IPC15LTK.axf" - 0 Error(s), 2 Warning(s).

<h2>Software Packages used:</h2>

Package Vendor: Keil
                https://www.keil.com/pack/Keil.STM32F4xx_DFP.2.17.1.pack
                Keil.STM32F4xx_DFP.2.17.1
                STMicroelectronics STM32F4 Series Device Support, Drivers and Examples

<h2>Collection of Component include folders:</h2>
  D:\APPlication\KeilMDK5.32\KeilMDK 5.32\Keil\STM32F4xx_DFP\2.17.1\Drivers\CMSIS\Device\ST\STM32F4xx\Include

<h2>Collection of Component Files used:</h2>
Build Time Elapsed:  00:00:03
</pre>
</body>
</html>
